******************************************************************************
                  TI ARM Linker PC v20.2.7                     
******************************************************************************
>> Linked Thu Mar 14 17:59:22 2024

OUTPUT FILE NAME:   <i2c_accerometer.out>
ENTRY POINT SYMBOL: "_c_int00_noargs"  address: 00000961


MEMORY CONFIGURATION

         name            origin    length      used     unused   attr    fill
----------------------  --------  ---------  --------  --------  ----  --------
  FLASH                 00000000   00040000  000009d8  0003f628  R  X
  SRAM                  20000000   00008000  00000206  00007dfa  RW X


SEGMENT ALLOCATION MAP

run origin  load origin   length   init length attrs members
----------  ----------- ---------- ----------- ----- -------
00000000    00000000    000009dc   000009dc    r-x
  00000000    00000000    0000026c   0000026c    r-- .intvecs
  0000026c    0000026c    00000758   00000758    r-x .text
  000009c8    000009c8    00000014   00000014    r-- .cinit
20000000    20000000    00000206   00000000    rw-
  20000000    20000000    00000200   00000000    rw- .stack
  20000200    20000200    00000006   00000000    rw- .bss


SECTION ALLOCATION MAP

 output                                  attributes/
section   page    origin      length       input sections
--------  ----  ----------  ----------   ----------------
.intvecs   0    00000000    0000026c     
                  00000000    0000026c     tm4c123gh6pm_startup_ccs.obj (.intvecs)

.text      0    0000026c    00000758     
                  0000026c    000004c8     uart_driver.obj (.text)
                  00000734    000001e8     main.obj (.text)
                  0000091c    00000044     rtsv7M4_T_le_v4SPD16_eabi.lib : autoinit.c.obj (.text:__TI_auto_init_nobinit_nopinit:__TI_auto_init_nobinit_nopinit)
                  00000960    00000034                                   : boot_cortex_m.c.obj (.text:_c_int00_noargs:_c_int00_noargs)
                  00000994    0000001c                                   : copy_zero_init.c.obj (.text:decompress:ZI:__TI_zero_init_nomemset:__TI_zero_init_nomemset)
                  000009b0    0000000c     tm4c123gh6pm_startup_ccs.obj (.text)
                  000009bc    00000004     rtsv7M4_T_le_v4SPD16_eabi.lib : pre_init.c.obj (.text:_system_pre_init)
                  000009c0    00000004                                   : exit.c.obj (.text:abort:abort)

.cinit     0    000009c8    00000014     
                  000009c8    00000008     (.cinit..bss.load) [load image, compression = zero_init]
                  000009d0    00000004     (__TI_handler_table)
                  000009d4    00000008     (__TI_cinit_table)

.init_array 
*          0    00000000    00000000     UNINITIALIZED

.bss       0    20000200    00000006     UNINITIALIZED
                  20000200    00000004     main.obj (.bss)
                  20000204    00000002     uart_driver.obj (.bss)

.stack     0    20000000    00000200     UNINITIALIZED
                  20000000    00000004     rtsv7M4_T_le_v4SPD16_eabi.lib : boot_cortex_m.c.obj (.stack)
                  20000004    000001fc     --HOLE--

__llvm_prf_cnts 
*          0    20000000    00000000     UNINITIALIZED

MODULE SUMMARY

       Module                         code   ro data   rw data
       ------                         ----   -------   -------
    .\
       uart_driver.obj                1224   0         2      
       tm4c123gh6pm_startup_ccs.obj   12     620       0      
       main.obj                       488    0         4      
    +--+------------------------------+------+---------+---------+
       Total:                         1724   620       6      
                                                              
    C:\ti\ccs1260\ccs\tools\compiler\ti-cgt-arm_20.2.7.LTS\lib\rtsv7M4_T_le_v4SPD16_eabi.lib
       autoinit.c.obj                 68     0         0      
       boot_cortex_m.c.obj            52     0         0      
       copy_zero_init.c.obj           28     0         0      
       exit.c.obj                     4      0         0      
       pre_init.c.obj                 4      0         0      
    +--+------------------------------+------+---------+---------+
       Total:                         156    0         0      
                                                              
       Stack:                         0      0         512    
       Linker Generated:              0      20        0      
    +--+------------------------------+------+---------+---------+
       Grand Total:                   1880   640       518    


LINKER GENERATED COPY TABLES

__TI_cinit_table @ 000009d4 records: 1, size/record: 8, table size: 8
	.bss: load addr=000009c8, load size=00000008 bytes, run addr=20000200, run size=00000006 bytes, compression=zero_init


LINKER GENERATED HANDLER TABLE

__TI_handler_table @ 000009d0 records: 1, size/record: 4, table size: 4
	index: 0, handler: __TI_zero_init


GLOBAL SYMBOLS: SORTED ALPHABETICALLY BY Name 

address   name                          
-------   ----                          
000009c1  C$$EXIT                       
000007e1  I2C3_Init                     
0000082d  I2C3_Write_byte               
00000883  I2C3_read_byte                
000009b1  ResetISR                      
20000200  __STACK_END                   
00000200  __STACK_SIZE                  
20000200  __STACK_TOP                   
000009d4  __TI_CINIT_Base               
000009dc  __TI_CINIT_Limit              
000009d0  __TI_Handler_Table_Base       
000009d4  __TI_Handler_Table_Limit      
0000091d  __TI_auto_init_nobinit_nopinit
ffffffff  __TI_pprof_out_hndl           
ffffffff  __TI_prof_data_size           
ffffffff  __TI_prof_data_start          
00000000  __TI_static_base__            
00000995  __TI_zero_init_nomemset       
ffffffff  __binit__                     
ffffffff  __c_args__                    
UNDEFED   __mpu_init                    
20000000  __stack                       
20000000  __start___llvm_prf_cnts       
20000000  __stop___llvm_prf_cnts        
00000961  _c_int00_noargs               
UNDEFED   _system_post_cinit            
000009bd  _system_pre_init              
000009c1  abort                         
ffffffff  binit                         
00000735  delay                         
00000000  g_pfnVectors                  
00000751  main                          
0000058d  uart0_char_rx                 
0000039f  uart0_char_tx                 
0000026d  uart0_config                  
00000605  uart0_hex_tx                  
0000046b  uart0_int_to_bcd              
000003bd  uart0_int_tx                  
000004f3  uart0_string_tx               
000006d9  uart1_char_rx                 
000004b7  uart1_char_tx                 
000002d3  uart1_config                  
0000051f  uart1_string_tx               
000006fb  uart3_char_rx                 
000004d5  uart3_char_tx                 
00000339  uart3_config                  
0000054b  uart3_string_tx               


GLOBAL SYMBOLS: SORTED BY Symbol Address 

address   name                          
-------   ----                          
00000000  __TI_static_base__            
00000000  g_pfnVectors                  
00000200  __STACK_SIZE                  
0000026d  uart0_config                  
000002d3  uart1_config                  
00000339  uart3_config                  
0000039f  uart0_char_tx                 
000003bd  uart0_int_tx                  
0000046b  uart0_int_to_bcd              
000004b7  uart1_char_tx                 
000004d5  uart3_char_tx                 
000004f3  uart0_string_tx               
0000051f  uart1_string_tx               
0000054b  uart3_string_tx               
0000058d  uart0_char_rx                 
00000605  uart0_hex_tx                  
000006d9  uart1_char_rx                 
000006fb  uart3_char_rx                 
00000735  delay                         
00000751  main                          
000007e1  I2C3_Init                     
0000082d  I2C3_Write_byte               
00000883  I2C3_read_byte                
0000091d  __TI_auto_init_nobinit_nopinit
00000961  _c_int00_noargs               
00000995  __TI_zero_init_nomemset       
000009b1  ResetISR                      
000009bd  _system_pre_init              
000009c1  C$$EXIT                       
000009c1  abort                         
000009d0  __TI_Handler_Table_Base       
000009d4  __TI_CINIT_Base               
000009d4  __TI_Handler_Table_Limit      
000009dc  __TI_CINIT_Limit              
20000000  __stack                       
20000000  __start___llvm_prf_cnts       
20000000  __stop___llvm_prf_cnts        
20000200  __STACK_END                   
20000200  __STACK_TOP                   
ffffffff  __TI_pprof_out_hndl           
ffffffff  __TI_prof_data_size           
ffffffff  __TI_prof_data_start          
ffffffff  __binit__                     
ffffffff  __c_args__                    
ffffffff  binit                         
UNDEFED   __mpu_init                    
UNDEFED   _system_post_cinit            

[47 symbols]
