******************************************************************************
                  TI ARM Linker PC v20.2.7                     
******************************************************************************
>> Linked Tue Feb 27 19:44:59 2024

OUTPUT FILE NAME:   <i2c_rtc_final.out>
ENTRY POINT SYMBOL: "_c_int00_noargs"  address: 000009a9


MEMORY CONFIGURATION

         name            origin    length      used     unused   attr    fill
----------------------  --------  ---------  --------  --------  ----  --------
  FLASH                 00000000   00040000  00000a20  0003f5e0  R  X
  SRAM                  20000000   00008000  00000206  00007dfa  RW X


SEGMENT ALLOCATION MAP

run origin  load origin   length   init length attrs members
----------  ----------- ---------- ----------- ----- -------
00000000    00000000    00000a24   00000a24    r-x
  00000000    00000000    0000026c   0000026c    r-- .intvecs
  0000026c    0000026c    000007a0   000007a0    r-x .text
  00000a10    00000a10    00000014   00000014    r-- .cinit
20000000    20000000    00000206   00000000    rw-
  20000000    20000000    00000200   00000000    rw- .stack
  20000200    20000200    00000006   00000000    rw- .bss


SECTION ALLOCATION MAP

 output                                  attributes/
section   page    origin      length       input sections
--------  ----  ----------  ----------   ----------------
.intvecs   0    00000000    0000026c     
                  00000000    0000026c     tm4c123gh6pm_startup_ccs.obj (.intvecs)

.text      0    0000026c    000007a0     
                  0000026c    000004c0     uart_driver.obj (.text)
                  0000072c    00000238     i2c1_rtc.obj (.text)
                  00000964    00000044     rtsv7M4_T_le_v4SPD16_eabi.lib : autoinit.c.obj (.text:__TI_auto_init_nobinit_nopinit:__TI_auto_init_nobinit_nopinit)
                  000009a8    00000034                                   : boot_cortex_m.c.obj (.text:_c_int00_noargs:_c_int00_noargs)
                  000009dc    0000001c                                   : copy_zero_init.c.obj (.text:decompress:ZI:__TI_zero_init_nomemset:__TI_zero_init_nomemset)
                  000009f8    0000000c     tm4c123gh6pm_startup_ccs.obj (.text)
                  00000a04    00000004     rtsv7M4_T_le_v4SPD16_eabi.lib : pre_init.c.obj (.text:_system_pre_init)
                  00000a08    00000004                                   : exit.c.obj (.text:abort:abort)

.cinit     0    00000a10    00000014     
                  00000a10    00000008     (.cinit..bss.load) [load image, compression = zero_init]
                  00000a18    00000004     (__TI_handler_table)
                  00000a1c    00000008     (__TI_cinit_table)

.init_array 
*          0    00000000    00000000     UNINITIALIZED

.bss       0    20000200    00000006     UNINITIALIZED
                  20000200    00000004     i2c1_rtc.obj (.bss)
                  20000204    00000002     uart_driver.obj (.bss)

.stack     0    20000000    00000200     UNINITIALIZED
                  20000000    00000004     rtsv7M4_T_le_v4SPD16_eabi.lib : boot_cortex_m.c.obj (.stack)
                  20000004    000001fc     --HOLE--

__llvm_prf_cnts 
*          0    20000000    00000000     UNINITIALIZED

MODULE SUMMARY

       Module                         code   ro data   rw data
       ------                         ----   -------   -------
    .\
       uart_driver.obj                1216   0         2      
       tm4c123gh6pm_startup_ccs.obj   12     620       0      
       i2c1_rtc.obj                   568    0         4      
    +--+------------------------------+------+---------+---------+
       Total:                         1796   620       6      
                                                              
    C:\ti\ccs1260\ccs\tools\compiler\ti-cgt-arm_20.2.7.LTS\lib\rtsv7M4_T_le_v4SPD16_eabi.lib
       autoinit.c.obj                 68     0         0      
       boot_cortex_m.c.obj            52     0         0      
       copy_zero_init.c.obj           28     0         0      
       exit.c.obj                     4      0         0      
       pre_init.c.obj                 4      0         0      
    +--+------------------------------+------+---------+---------+
       Total:                         156    0         0      
                                                              
       Stack:                         0      0         512    
       Linker Generated:              0      20        0      
    +--+------------------------------+------+---------+---------+
       Grand Total:                   1952   640       518    


LINKER GENERATED COPY TABLES

__TI_cinit_table @ 00000a1c records: 1, size/record: 8, table size: 8
	.bss: load addr=00000a10, load size=00000008 bytes, run addr=20000200, run size=00000006 bytes, compression=zero_init


LINKER GENERATED HANDLER TABLE

__TI_handler_table @ 00000a18 records: 1, size/record: 4, table size: 4
	index: 0, handler: __TI_zero_init


GLOBAL SYMBOLS: SORTED ALPHABETICALLY BY Name 

address   name                          
-------   ----                          
00000a09  C$$EXIT                       
00000829  I2C1_Init                     
00000873  I2C1_Write_byte               
000008c9  I2C1_read_byte                
000009f9  ResetISR                      
20000200  __STACK_END                   
00000200  __STACK_SIZE                  
20000200  __STACK_TOP                   
00000a1c  __TI_CINIT_Base               
00000a24  __TI_CINIT_Limit              
00000a18  __TI_Handler_Table_Base       
00000a1c  __TI_Handler_Table_Limit      
00000965  __TI_auto_init_nobinit_nopinit
ffffffff  __TI_pprof_out_hndl           
ffffffff  __TI_prof_data_size           
ffffffff  __TI_prof_data_start          
00000000  __TI_static_base__            
000009dd  __TI_zero_init_nomemset       
ffffffff  __binit__                     
ffffffff  __c_args__                    
UNDEFED   __mpu_init                    
20000000  __stack                       
20000000  __start___llvm_prf_cnts       
20000000  __stop___llvm_prf_cnts        
000009a9  _c_int00_noargs               
UNDEFED   _system_post_cinit            
00000a05  _system_pre_init              
00000a09  abort                         
ffffffff  binit                         
0000072d  delay                         
00000000  g_pfnVectors                  
00000749  main                          
00000579  uart0_char_rx                 
0000039f  uart0_char_tx                 
0000026d  uart0_config                  
000005fd  uart0_hex_tx                  
00000465  uart0_int_to_bcd              
000003bd  uart0_int_tx                  
000004eb  uart0_string_tx               
000006d1  uart1_char_rx                 
000004af  uart1_char_tx                 
000002d3  uart1_config                  
00000517  uart1_string_tx               
000006f3  uart3_char_rx                 
000004cd  uart3_char_tx                 
00000339  uart3_config                  
00000543  uart3_string_tx               


GLOBAL SYMBOLS: SORTED BY Symbol Address 

address   name                          
-------   ----                          
00000000  __TI_static_base__            
00000000  g_pfnVectors                  
00000200  __STACK_SIZE                  
0000026d  uart0_config                  
000002d3  uart1_config                  
00000339  uart3_config                  
0000039f  uart0_char_tx                 
000003bd  uart0_int_tx                  
00000465  uart0_int_to_bcd              
000004af  uart1_char_tx                 
000004cd  uart3_char_tx                 
000004eb  uart0_string_tx               
00000517  uart1_string_tx               
00000543  uart3_string_tx               
00000579  uart0_char_rx                 
000005fd  uart0_hex_tx                  
000006d1  uart1_char_rx                 
000006f3  uart3_char_rx                 
0000072d  delay                         
00000749  main                          
00000829  I2C1_Init                     
00000873  I2C1_Write_byte               
000008c9  I2C1_read_byte                
00000965  __TI_auto_init_nobinit_nopinit
000009a9  _c_int00_noargs               
000009dd  __TI_zero_init_nomemset       
000009f9  ResetISR                      
00000a05  _system_pre_init              
00000a09  C$$EXIT                       
00000a09  abort                         
00000a18  __TI_Handler_Table_Base       
00000a1c  __TI_CINIT_Base               
00000a1c  __TI_Handler_Table_Limit      
00000a24  __TI_CINIT_Limit              
20000000  __stack                       
20000000  __start___llvm_prf_cnts       
20000000  __stop___llvm_prf_cnts        
20000200  __STACK_END                   
20000200  __STACK_TOP                   
ffffffff  __TI_pprof_out_hndl           
ffffffff  __TI_prof_data_size           
ffffffff  __TI_prof_data_start          
ffffffff  __binit__                     
ffffffff  __c_args__                    
ffffffff  binit                         
UNDEFED   __mpu_init                    
UNDEFED   _system_post_cinit            

[47 symbols]
