******************************************************************************
                  TI ARM Linker PC v20.2.7                     
******************************************************************************
>> Linked Thu Mar 21 17:42:38 2024

OUTPUT FILE NAME:   <PWM_ip.out>
ENTRY POINT SYMBOL: "_c_int00_noargs"  address: 00000725


MEMORY CONFIGURATION

         name            origin    length      used     unused   attr    fill
----------------------  --------  ---------  --------  --------  ----  --------
  FLASH                 00000000   00040000  0000079c  0003f864  R  X
  SRAM                  20000000   00008000  00000214  00007dec  RW X


SEGMENT ALLOCATION MAP

run origin  load origin   length   init length attrs members
----------  ----------- ---------- ----------- ----- -------
00000000    00000000    0000079c   0000079c    r-x
  00000000    00000000    0000026c   0000026c    r-- .intvecs
  0000026c    0000026c    0000051c   0000051c    r-x .text
  00000788    00000788    00000014   00000014    r-- .cinit
20000000    20000000    00000214   00000000    rw-
  20000000    20000000    00000200   00000000    rw- .stack
  20000200    20000200    00000014   00000000    rw- .bss


SECTION ALLOCATION MAP

 output                                  attributes/
section   page    origin      length       input sections
--------  ----  ----------  ----------   ----------------
.intvecs   0    00000000    0000026c     
                  00000000    0000026c     tm4c123gh6pm_startup_ccs.obj (.intvecs)

.text      0    0000026c    0000051c     
                  0000026c    0000019c     main.obj (.text)
                  00000408    00000136     rtsv7M4_T_le_v4SPD16_eabi.lib : fd_div_t2.asm.obj (.text)
                  0000053e    000000fc                                   : fd_mul_t2.asm.obj (.text)
                  0000063a    0000006e                                   : fd_tos_t2.asm.obj (.text)
                  000006a8    00000044                                   : autoinit.c.obj (.text:__TI_auto_init_nobinit_nopinit:__TI_auto_init_nobinit_nopinit)
                  000006ec    00000038                                   : fs_tod_t2.asm.obj (.text)
                  00000724    00000034                                   : boot_cortex_m.c.obj (.text:_c_int00_noargs:_c_int00_noargs)
                  00000758    0000001c                                   : copy_zero_init.c.obj (.text:decompress:ZI:__TI_zero_init_nomemset:__TI_zero_init_nomemset)
                  00000774    0000000c     tm4c123gh6pm_startup_ccs.obj (.text)
                  00000780    00000004     rtsv7M4_T_le_v4SPD16_eabi.lib : pre_init.c.obj (.text:_system_pre_init)
                  00000784    00000004                                   : exit.c.obj (.text:abort:abort)

.cinit     0    00000788    00000014     
                  00000788    00000008     (.cinit..bss.load) [load image, compression = zero_init]
                  00000790    00000004     (__TI_handler_table)
                  00000794    00000008     (__TI_cinit_table)

.init_array 
*          0    00000000    00000000     UNINITIALIZED

.bss       0    20000200    00000014     UNINITIALIZED
                  20000200    00000004     (.common:duty_cycle)
                  20000204    00000004     (.common:fallingEdge)
                  20000208    00000004     (.common:frequency)
                  2000020c    00000004     (.common:risingEdge)
                  20000210    00000004     (.common:time_period)

.stack     0    20000000    00000200     UNINITIALIZED
                  20000000    00000004     rtsv7M4_T_le_v4SPD16_eabi.lib : boot_cortex_m.c.obj (.stack)
                  20000004    000001fc     --HOLE--

__llvm_prf_cnts 
*          0    20000000    00000000     UNINITIALIZED

MODULE SUMMARY

       Module                         code   ro data   rw data
       ------                         ----   -------   -------
    .\
       tm4c123gh6pm_startup_ccs.obj   12     620       0      
       main.obj                       412    0         20     
    +--+------------------------------+------+---------+---------+
       Total:                         424    620       20     
                                                              
    C:\ti\ccs1260\ccs\tools\compiler\ti-cgt-arm_20.2.7.LTS\lib\rtsv7M4_T_le_v4SPD16_eabi.lib
       fd_div_t2.asm.obj              310    0         0      
       fd_mul_t2.asm.obj              252    0         0      
       fd_tos_t2.asm.obj              110    0         0      
       autoinit.c.obj                 68     0         0      
       fs_tod_t2.asm.obj              56     0         0      
       boot_cortex_m.c.obj            52     0         0      
       copy_zero_init.c.obj           28     0         0      
       exit.c.obj                     4      0         0      
       pre_init.c.obj                 4      0         0      
    +--+------------------------------+------+---------+---------+
       Total:                         884    0         0      
                                                              
       Stack:                         0      0         512    
       Linker Generated:              0      20        0      
    +--+------------------------------+------+---------+---------+
       Grand Total:                   1308   640       532    


LINKER GENERATED COPY TABLES

__TI_cinit_table @ 00000794 records: 1, size/record: 8, table size: 8
	.bss: load addr=00000788, load size=00000008 bytes, run addr=20000200, run size=00000014 bytes, compression=zero_init


LINKER GENERATED HANDLER TABLE

__TI_handler_table @ 00000790 records: 1, size/record: 4, table size: 4
	index: 0, handler: __TI_zero_init


GLOBAL SYMBOLS: SORTED ALPHABETICALLY BY Name 

address   name                          
-------   ----                          
00000785  C$$EXIT                       
0000026d  Delay                         
00000775  ResetISR                      
0000035d  Timer0ACapture_PulseWidth     
000002eb  Timer0ACapture_init           
20000200  __STACK_END                   
00000200  __STACK_SIZE                  
20000200  __STACK_TOP                   
00000794  __TI_CINIT_Base               
0000079c  __TI_CINIT_Limit              
00000790  __TI_Handler_Table_Base       
00000794  __TI_Handler_Table_Limit      
000006a9  __TI_auto_init_nobinit_nopinit
ffffffff  __TI_pprof_out_hndl           
ffffffff  __TI_prof_data_size           
ffffffff  __TI_prof_data_start          
00000000  __TI_static_base__            
00000759  __TI_zero_init_nomemset       
0000063b  __aeabi_d2f                   
00000409  __aeabi_ddiv                  
0000053f  __aeabi_dmul                  
000006ed  __aeabi_f2d                   
ffffffff  __binit__                     
ffffffff  __c_args__                    
UNDEFED   __mpu_init                    
20000000  __stack                       
20000000  __start___llvm_prf_cnts       
20000000  __stop___llvm_prf_cnts        
00000725  _c_int00_noargs               
UNDEFED   _system_post_cinit            
00000781  _system_pre_init              
00000785  abort                         
ffffffff  binit                         
20000200  duty_cycle                    
20000204  fallingEdge                   
20000208  frequency                     
00000000  g_pfnVectors                  
00000289  main                          
2000020c  risingEdge                    
20000210  time_period                   


GLOBAL SYMBOLS: SORTED BY Symbol Address 

address   name                          
-------   ----                          
00000000  __TI_static_base__            
00000000  g_pfnVectors                  
00000200  __STACK_SIZE                  
0000026d  Delay                         
00000289  main                          
000002eb  Timer0ACapture_init           
0000035d  Timer0ACapture_PulseWidth     
00000409  __aeabi_ddiv                  
0000053f  __aeabi_dmul                  
0000063b  __aeabi_d2f                   
000006a9  __TI_auto_init_nobinit_nopinit
000006ed  __aeabi_f2d                   
00000725  _c_int00_noargs               
00000759  __TI_zero_init_nomemset       
00000775  ResetISR                      
00000781  _system_pre_init              
00000785  C$$EXIT                       
00000785  abort                         
00000790  __TI_Handler_Table_Base       
00000794  __TI_CINIT_Base               
00000794  __TI_Handler_Table_Limit      
0000079c  __TI_CINIT_Limit              
20000000  __stack                       
20000000  __start___llvm_prf_cnts       
20000000  __stop___llvm_prf_cnts        
20000200  __STACK_END                   
20000200  __STACK_TOP                   
20000200  duty_cycle                    
20000204  fallingEdge                   
20000208  frequency                     
2000020c  risingEdge                    
20000210  time_period                   
ffffffff  __TI_pprof_out_hndl           
ffffffff  __TI_prof_data_size           
ffffffff  __TI_prof_data_start          
ffffffff  __binit__                     
ffffffff  __c_args__                    
ffffffff  binit                         
UNDEFED   __mpu_init                    
UNDEFED   _system_post_cinit            

[40 symbols]
